Running Gradle task 'assembleDebug'...                          
Running Gradle task 'assembleDebug'...                              6.4s
